23:54:40 **** Incremental Build of configuration Debug for project Workshop6 ****
make -j4 all 
arm-none-eabi-gcc "../Core/Src/main.c" -mcpu=cortex-m4 -std=gnu11 -g3 -DDEBUG -DUSE_HAL_DRIVER -DSTM32F407xx -c -I../Core/Inc -I../Drivers/STM32F4xx_HAL_Driver/Inc -I../Drivers/STM32F4xx_HAL_Driver/Inc/Legacy -I../Drivers/CMSIS/Device/ST/STM32F4xx/Include -I../Drivers/CMSIS/Include -O0 -ffunction-sections -fdata-sections -Wall -fstack-usage -MMD -MP -MF"Core/Src/main.d" -MT"Core/Src/main.o" --specs=nano.specs -mfpu=fpv4-sp-d16 -mfloat-abi=hard -mthumb -o "Core/Src/main.o"
arm-none-eabi-gcc "../Core/Src/pca9685.c" -mcpu=cortex-m4 -std=gnu11 -g3 -DDEBUG -DUSE_HAL_DRIVER -DSTM32F407xx -c -I../Core/Inc -I../Drivers/STM32F4xx_HAL_Driver/Inc -I../Drivers/STM32F4xx_HAL_Driver/Inc/Legacy -I../Drivers/CMSIS/Device/ST/STM32F4xx/Include -I../Drivers/CMSIS/Include -O0 -ffunction-sections -fdata-sections -Wall -fstack-usage -MMD -MP -MF"Core/Src/pca9685.d" -MT"Core/Src/pca9685.o" --specs=nano.specs -mfpu=fpv4-sp-d16 -mfloat-abi=hard -mthumb -o "Core/Src/pca9685.o"
arm-none-eabi-gcc -o "Workshop6.elf" @"objects.list"   -mcpu=cortex-m4 -T"/home/yaroslav/STM32CubeIDE/Workshop6/Workshop6/STM32F407VGTX_FLASH.ld" --specs=nosys.specs -Wl,-Map="Workshop6.map" -Wl,--gc-sections -static --specs=nano.specs -mfpu=fpv4-sp-d16 -mfloat-abi=hard -mthumb -Wl,--start-group -lc -lm -Wl,--end-group
Finished building target: Workshop6.elf
 
arm-none-eabi-size   Workshop6.elf 
arm-none-eabi-objdump -h -S  Workshop6.elf  > "Workshop6.list"
arm-none-eabi-objcopy  -O binary  Workshop6.elf  "Workshop6.bin"
   text	   data	    bss	    dec	    hex	filename
  16584	     20	   1724	  18328	   4798	Workshop6.elf
Finished building: default.size.stdout
 
Finished building: Workshop6.bin
 
Finished building: Workshop6.list
 

23:54:41 Build Finished. 0 errors, 0 warnings. (took 1s.396ms)

