main.c:83:6:setTransaction	16	static
main.c:97:6:setWriteMode	16	static
main.c:104:6:eraseAll	8	static
main.c:111:6:setWriteStatus	16	static
main.c:123:6:setHEOW	16	static
main.c:130:6:waitForEndOfWriting	8	static
main.c:139:6:readLineSPI	24	static
main.c:150:6:writeLineSPI	40	static
main.c:186:5:main	2144	static
main.c:306:6:SystemClock_Config	88	static
main.c:346:13:MX_SPI1_Init	8	static
main.c:384:13:MX_USART3_UART_Init	8	static
main.c:417:13:MX_GPIO_Init	40	static
main.c:446:6:Error_Handler	4	static,ignoring_inline_asm
