23:30:13 **** Incremental Build of configuration Debug for project Workshop2 ****
make -j4 all 
arm-none-eabi-gcc "../Core/Src/main.c" -mcpu=cortex-m4 -std=gnu11 -g3 -DDEBUG -DUSE_HAL_DRIVER -DSTM32F407xx -c -I../Core/Inc -I../Drivers/STM32F4xx_HAL_Driver/Inc -I../Drivers/STM32F4xx_HAL_Driver/Inc/Legacy -I../Drivers/CMSIS/Device/ST/STM32F4xx/Include -I../Drivers/CMSIS/Include -O0 -ffunction-sections -fdata-sections -Wall -fstack-usage -MMD -MP -MF"Core/Src/main.d" -MT"Core/Src/main.o" --specs=nano.specs -mfpu=fpv4-sp-d16 -mfloat-abi=hard -mthumb -o "Core/Src/main.o"
arm-none-eabi-gcc -o "Workshop2.elf" @"objects.list"   -mcpu=cortex-m4 -T"/home/yaroslav/STM32CubeIDE/Workshop2/Workshop2/STM32F407VGTX_FLASH.ld" --specs=nosys.specs -Wl,-Map="Workshop2.map" -Wl,--gc-sections -static --specs=nano.specs -mfpu=fpv4-sp-d16 -mfloat-abi=hard -mthumb -Wl,--start-group -lc -lm -Wl,--end-group
Finished building target: Workshop2.elf
 
arm-none-eabi-size   Workshop2.elf 
arm-none-eabi-objdump -h -S  Workshop2.elf  > "Workshop2.list"
arm-none-eabi-objcopy  -O binary  Workshop2.elf  "Workshop2.bin"
   text	   data	    bss	    dec	    hex	filename
   7304	     32	   1568	   8904	   22c8	Workshop2.elf
Finished building: default.size.stdout
 
Finished building: Workshop2.bin
 
Finished building: Workshop2.list
 

23:30:14 Build Finished. 0 errors, 0 warnings. (took 1s.272ms)

